------------------------------------------------------------
Timing Analyzer Summary
------------------------------------------------------------

Type  : Slow 1200mV 100C Model Setup 'PLL_IF_inst|altpll_component|auto_generated|pll1|clk[0]'
Slack : 1.439
TNS   : 0.000

Type  : Slow 1200mV 100C Model Setup 'LTC2208_122MHz'
Slack : 1.445
TNS   : 0.000

Type  : Slow 1200mV 100C Model Setup '_122MHz'
Slack : 1.675
TNS   : 0.000

Type  : Slow 1200mV 100C Model Setup 'PHY_RX_CLOCK'
Slack : 1.946
TNS   : 0.000

Type  : Slow 1200mV 100C Model Setup 'network_inst|tx_pll_inst|altpll_component|auto_generated|pll1|clk[0]'
Slack : 2.788
TNS   : 0.000

Type  : Slow 1200mV 100C Model Setup 'tx_clock'
Slack : 3.406
TNS   : 0.000

Type  : Slow 1200mV 100C Model Setup 'network_inst|tx_pll_inst|altpll_component|auto_generated|pll1|clk[2]'
Slack : 4.617
TNS   : 0.000

Type  : Slow 1200mV 100C Model Setup 'data_clk2'
Slack : 12.615
TNS   : 0.000

Type  : Slow 1200mV 100C Model Setup 'PLL_30MHz_inst|altpll_component|auto_generated|pll1|clk[0]'
Slack : 13.502
TNS   : 0.000

Type  : Slow 1200mV 100C Model Setup 'CLOCK_25MHZ'
Slack : 36.660
TNS   : 0.000

Type  : Slow 1200mV 100C Model Setup 'data_clk'
Slack : 55.920
TNS   : 0.000

Type  : Slow 1200mV 100C Model Setup 'PLL_IF_inst|altpll_component|auto_generated|pll1|clk[2]'
Slack : 73.527
TNS   : 0.000

Type  : Slow 1200mV 100C Model Setup 'PLL_IF_inst|altpll_component|auto_generated|pll1|clk[1]'
Slack : 76.511
TNS   : 0.000

Type  : Slow 1200mV 100C Model Setup 'PLL_IF_inst|altpll_component|auto_generated|pll1|clk[3]'
Slack : 77.342
TNS   : 0.000

Type  : Slow 1200mV 100C Model Setup 'network_inst|tx_pll_inst|altpll_component|auto_generated|pll1|clk[3]'
Slack : 143.101
TNS   : 0.000

Type  : Slow 1200mV 100C Model Hold 'PLL_IF_inst|altpll_component|auto_generated|pll1|clk[3]'
Slack : 0.329
TNS   : 0.000

Type  : Slow 1200mV 100C Model Hold 'network_inst|tx_pll_inst|altpll_component|auto_generated|pll1|clk[0]'
Slack : 0.335
TNS   : 0.000

Type  : Slow 1200mV 100C Model Hold 'tx_clock'
Slack : 0.335
TNS   : 0.000

Type  : Slow 1200mV 100C Model Hold 'PLL_IF_inst|altpll_component|auto_generated|pll1|clk[2]'
Slack : 0.345
TNS   : 0.000

Type  : Slow 1200mV 100C Model Hold 'network_inst|tx_pll_inst|altpll_component|auto_generated|pll1|clk[2]'
Slack : 0.386
TNS   : 0.000

Type  : Slow 1200mV 100C Model Hold 'PLL_IF_inst|altpll_component|auto_generated|pll1|clk[1]'
Slack : 0.406
TNS   : 0.000

Type  : Slow 1200mV 100C Model Hold 'PLL_30MHz_inst|altpll_component|auto_generated|pll1|clk[0]'
Slack : 0.407
TNS   : 0.000

Type  : Slow 1200mV 100C Model Hold 'network_inst|tx_pll_inst|altpll_component|auto_generated|pll1|clk[3]'
Slack : 0.409
TNS   : 0.000

Type  : Slow 1200mV 100C Model Hold 'CLOCK_25MHZ'
Slack : 0.411
TNS   : 0.000

Type  : Slow 1200mV 100C Model Hold 'LTC2208_122MHz'
Slack : 0.801
TNS   : 0.000

Type  : Slow 1200mV 100C Model Hold 'PHY_RX_CLOCK'
Slack : 1.236
TNS   : 0.000

Type  : Slow 1200mV 100C Model Hold 'PLL_IF_inst|altpll_component|auto_generated|pll1|clk[0]'
Slack : 2.849
TNS   : 0.000

Type  : Slow 1200mV 100C Model Hold '_122MHz'
Slack : 6.545
TNS   : 0.000

Type  : Slow 1200mV 100C Model Hold 'data_clk'
Slack : 14.201
TNS   : 0.000

Type  : Slow 1200mV 100C Model Hold 'data_clk2'
Slack : 15.605
TNS   : 0.000

Type  : Slow 1200mV 100C Model Recovery 'network_inst|tx_pll_inst|altpll_component|auto_generated|pll1|clk[0]'
Slack : 1.191
TNS   : 0.000

Type  : Slow 1200mV 100C Model Recovery 'PHY_RX_CLOCK'
Slack : 4.489
TNS   : 0.000

Type  : Slow 1200mV 100C Model Recovery 'LTC2208_122MHz'
Slack : 9.091
TNS   : 0.000

Type  : Slow 1200mV 100C Model Recovery 'network_inst|tx_pll_inst|altpll_component|auto_generated|pll1|clk[2]'
Slack : 34.349
TNS   : 0.000

Type  : Slow 1200mV 100C Model Removal 'network_inst|tx_pll_inst|altpll_component|auto_generated|pll1|clk[0]'
Slack : 1.696
TNS   : 0.000

Type  : Slow 1200mV 100C Model Removal 'LTC2208_122MHz'
Slack : 2.507
TNS   : 0.000

Type  : Slow 1200mV 100C Model Removal 'PHY_RX_CLOCK'
Slack : 2.728
TNS   : 0.000

Type  : Slow 1200mV 100C Model Removal 'network_inst|tx_pll_inst|altpll_component|auto_generated|pll1|clk[2]'
Slack : 43.504
TNS   : 0.000

Type  : Slow 1200mV 100C Model Minimum Pulse Width 'PHY_RX_CLOCK'
Slack : 3.468
TNS   : 0.000

Type  : Slow 1200mV 100C Model Minimum Pulse Width 'LTC2208_122MHz'
Slack : 3.487
TNS   : 0.000

Type  : Slow 1200mV 100C Model Minimum Pulse Width 'network_inst|tx_pll_inst|altpll_component|auto_generated|pll1|clk[0]'
Slack : 3.694
TNS   : 0.000

Type  : Slow 1200mV 100C Model Minimum Pulse Width 'tx_clock'
Slack : 3.694
TNS   : 0.000

Type  : Slow 1200mV 100C Model Minimum Pulse Width 'PLL_IF_inst|altpll_component|auto_generated|pll1|clk[0]'
Slack : 3.770
TNS   : 0.000

Type  : Slow 1200mV 100C Model Minimum Pulse Width 'PHY_CLK125'
Slack : 3.813
TNS   : 0.000

Type  : Slow 1200mV 100C Model Minimum Pulse Width '_122MHz'
Slack : 3.874
TNS   : 0.000

Type  : Slow 1200mV 100C Model Minimum Pulse Width 'LTC2208_122MHz_2'
Slack : 4.138
TNS   : 0.000

Type  : Slow 1200mV 100C Model Minimum Pulse Width 'PLL_30MHz_inst|altpll_component|auto_generated|pll1|clk[0]'
Slack : 15.972
TNS   : 0.000

Type  : Slow 1200mV 100C Model Minimum Pulse Width 'CLOCK_25MHZ'
Slack : 19.692
TNS   : 0.000

Type  : Slow 1200mV 100C Model Minimum Pulse Width 'network_inst|tx_pll_inst|altpll_component|auto_generated|pll1|clk[2]'
Slack : 39.703
TNS   : 0.000

Type  : Slow 1200mV 100C Model Minimum Pulse Width 'PLL_IF_inst|altpll_component|auto_generated|pll1|clk[1]'
Slack : 40.395
TNS   : 0.000

Type  : Slow 1200mV 100C Model Minimum Pulse Width 'CMCLK'
Slack : 77.170
TNS   : 0.000

Type  : Slow 1200mV 100C Model Minimum Pulse Width 'OSC_10MHZ'
Slack : 96.000
TNS   : 0.000

Type  : Slow 1200mV 100C Model Minimum Pulse Width 'PLL_IF_inst|altpll_component|auto_generated|pll1|clk[2]'
Slack : 162.380
TNS   : 0.000

Type  : Slow 1200mV 100C Model Minimum Pulse Width 'network_inst|tx_pll_inst|altpll_component|auto_generated|pll1|clk[3]'
Slack : 199.704
TNS   : 0.000

Type  : Slow 1200mV 100C Model Minimum Pulse Width 'CBCLK'
Slack : 321.310
TNS   : 0.000

Type  : Slow 1200mV 100C Model Minimum Pulse Width 'PLL_IF_inst|altpll_component|auto_generated|pll1|clk[3]'
Slack : 10416.339
TNS   : 0.000

Type  : Slow 1200mV 100C Model Minimum Pulse Width 'CLRCIN'
Slack : 20829.070
TNS   : 0.000

Type  : Slow 1200mV 100C Model Minimum Pulse Width 'CLRCOUT'
Slack : 20829.070
TNS   : 0.000

Type  : Slow 1200mV -40C Model Setup 'PLL_IF_inst|altpll_component|auto_generated|pll1|clk[0]'
Slack : 2.085
TNS   : 0.000

Type  : Slow 1200mV -40C Model Setup 'LTC2208_122MHz'
Slack : 2.093
TNS   : 0.000

Type  : Slow 1200mV -40C Model Setup '_122MHz'
Slack : 2.291
TNS   : 0.000

Type  : Slow 1200mV -40C Model Setup 'PHY_RX_CLOCK'
Slack : 2.697
TNS   : 0.000

Type  : Slow 1200mV -40C Model Setup 'network_inst|tx_pll_inst|altpll_component|auto_generated|pll1|clk[0]'
Slack : 3.407
TNS   : 0.000

Type  : Slow 1200mV -40C Model Setup 'network_inst|tx_pll_inst|altpll_component|auto_generated|pll1|clk[2]'
Slack : 5.001
TNS   : 0.000

Type  : Slow 1200mV -40C Model Setup 'tx_clock'
Slack : 5.827
TNS   : 0.000

Type  : Slow 1200mV -40C Model Setup 'data_clk2'
Slack : 13.756
TNS   : 0.000

Type  : Slow 1200mV -40C Model Setup 'PLL_30MHz_inst|altpll_component|auto_generated|pll1|clk[0]'
Slack : 15.160
TNS   : 0.000

Type  : Slow 1200mV -40C Model Setup 'CLOCK_25MHZ'
Slack : 37.168
TNS   : 0.000

Type  : Slow 1200mV -40C Model Setup 'data_clk'
Slack : 56.441
TNS   : 0.000

Type  : Slow 1200mV -40C Model Setup 'PLL_IF_inst|altpll_component|auto_generated|pll1|clk[2]'
Slack : 74.623
TNS   : 0.000

Type  : Slow 1200mV -40C Model Setup 'PLL_IF_inst|altpll_component|auto_generated|pll1|clk[1]'
Slack : 77.155
TNS   : 0.000

Type  : Slow 1200mV -40C Model Setup 'PLL_IF_inst|altpll_component|auto_generated|pll1|clk[3]'
Slack : 77.749
TNS   : 0.000

Type  : Slow 1200mV -40C Model Setup 'network_inst|tx_pll_inst|altpll_component|auto_generated|pll1|clk[3]'
Slack : 145.222
TNS   : 0.000

Type  : Slow 1200mV -40C Model Hold 'network_inst|tx_pll_inst|altpll_component|auto_generated|pll1|clk[0]'
Slack : 0.319
TNS   : 0.000

Type  : Slow 1200mV -40C Model Hold 'tx_clock'
Slack : 0.319
TNS   : 0.000

Type  : Slow 1200mV -40C Model Hold 'PLL_IF_inst|altpll_component|auto_generated|pll1|clk[2]'
Slack : 0.324
TNS   : 0.000

Type  : Slow 1200mV -40C Model Hold 'PLL_IF_inst|altpll_component|auto_generated|pll1|clk[1]'
Slack : 0.334
TNS   : 0.000

Type  : Slow 1200mV -40C Model Hold 'PLL_IF_inst|altpll_component|auto_generated|pll1|clk[3]'
Slack : 0.334
TNS   : 0.000

Type  : Slow 1200mV -40C Model Hold 'PLL_30MHz_inst|altpll_component|auto_generated|pll1|clk[0]'
Slack : 0.335
TNS   : 0.000

Type  : Slow 1200mV -40C Model Hold 'network_inst|tx_pll_inst|altpll_component|auto_generated|pll1|clk[2]'
Slack : 0.336
TNS   : 0.000

Type  : Slow 1200mV -40C Model Hold 'network_inst|tx_pll_inst|altpll_component|auto_generated|pll1|clk[3]'
Slack : 0.337
TNS   : 0.000

Type  : Slow 1200mV -40C Model Hold 'CLOCK_25MHZ'
Slack : 0.349
TNS   : 0.000

Type  : Slow 1200mV -40C Model Hold 'LTC2208_122MHz'
Slack : 1.172
TNS   : 0.000

Type  : Slow 1200mV -40C Model Hold 'PHY_RX_CLOCK'
Slack : 1.214
TNS   : 0.000

Type  : Slow 1200mV -40C Model Hold 'PLL_IF_inst|altpll_component|auto_generated|pll1|clk[0]'
Slack : 2.542
TNS   : 0.000

Type  : Slow 1200mV -40C Model Hold '_122MHz'
Slack : 6.016
TNS   : 0.000

Type  : Slow 1200mV -40C Model Hold 'data_clk'
Slack : 13.609
TNS   : 0.000

Type  : Slow 1200mV -40C Model Hold 'data_clk2'
Slack : 14.871
TNS   : 0.000

Type  : Slow 1200mV -40C Model Recovery 'network_inst|tx_pll_inst|altpll_component|auto_generated|pll1|clk[0]'
Slack : 2.117
TNS   : 0.000

Type  : Slow 1200mV -40C Model Recovery 'PHY_RX_CLOCK'
Slack : 5.290
TNS   : 0.000

Type  : Slow 1200mV -40C Model Recovery 'LTC2208_122MHz'
Slack : 10.230
TNS   : 0.000

Type  : Slow 1200mV -40C Model Recovery 'network_inst|tx_pll_inst|altpll_component|auto_generated|pll1|clk[2]'
Slack : 35.009
TNS   : 0.000

Type  : Slow 1200mV -40C Model Removal 'network_inst|tx_pll_inst|altpll_component|auto_generated|pll1|clk[0]'
Slack : 1.458
TNS   : 0.000

Type  : Slow 1200mV -40C Model Removal 'LTC2208_122MHz'
Slack : 2.345
TNS   : 0.000

Type  : Slow 1200mV -40C Model Removal 'PHY_RX_CLOCK'
Slack : 2.499
TNS   : 0.000

Type  : Slow 1200mV -40C Model Removal 'network_inst|tx_pll_inst|altpll_component|auto_generated|pll1|clk[2]'
Slack : 43.139
TNS   : 0.000

Type  : Slow 1200mV -40C Model Minimum Pulse Width 'PHY_RX_CLOCK'
Slack : 3.489
TNS   : 0.000

Type  : Slow 1200mV -40C Model Minimum Pulse Width 'LTC2208_122MHz'
Slack : 3.509
TNS   : 0.000

Type  : Slow 1200mV -40C Model Minimum Pulse Width 'network_inst|tx_pll_inst|altpll_component|auto_generated|pll1|clk[0]'
Slack : 3.672
TNS   : 0.000

Type  : Slow 1200mV -40C Model Minimum Pulse Width 'tx_clock'
Slack : 3.672
TNS   : 0.000

Type  : Slow 1200mV -40C Model Minimum Pulse Width 'PLL_IF_inst|altpll_component|auto_generated|pll1|clk[0]'
Slack : 3.746
TNS   : 0.000

Type  : Slow 1200mV -40C Model Minimum Pulse Width 'PHY_CLK125'
Slack : 3.806
TNS   : 0.000

Type  : Slow 1200mV -40C Model Minimum Pulse Width '_122MHz'
Slack : 3.878
TNS   : 0.000

Type  : Slow 1200mV -40C Model Minimum Pulse Width 'LTC2208_122MHz_2'
Slack : 4.138
TNS   : 0.000

Type  : Slow 1200mV -40C Model Minimum Pulse Width 'PLL_30MHz_inst|altpll_component|auto_generated|pll1|clk[0]'
Slack : 15.977
TNS   : 0.000

Type  : Slow 1200mV -40C Model Minimum Pulse Width 'CLOCK_25MHZ'
Slack : 19.700
TNS   : 0.000

Type  : Slow 1200mV -40C Model Minimum Pulse Width 'network_inst|tx_pll_inst|altpll_component|auto_generated|pll1|clk[2]'
Slack : 39.703
TNS   : 0.000

Type  : Slow 1200mV -40C Model Minimum Pulse Width 'PLL_IF_inst|altpll_component|auto_generated|pll1|clk[1]'
Slack : 40.394
TNS   : 0.000

Type  : Slow 1200mV -40C Model Minimum Pulse Width 'CMCLK'
Slack : 77.170
TNS   : 0.000

Type  : Slow 1200mV -40C Model Minimum Pulse Width 'OSC_10MHZ'
Slack : 96.000
TNS   : 0.000

Type  : Slow 1200mV -40C Model Minimum Pulse Width 'PLL_IF_inst|altpll_component|auto_generated|pll1|clk[2]'
Slack : 162.397
TNS   : 0.000

Type  : Slow 1200mV -40C Model Minimum Pulse Width 'network_inst|tx_pll_inst|altpll_component|auto_generated|pll1|clk[3]'
Slack : 199.675
TNS   : 0.000

Type  : Slow 1200mV -40C Model Minimum Pulse Width 'CBCLK'
Slack : 321.310
TNS   : 0.000

Type  : Slow 1200mV -40C Model Minimum Pulse Width 'PLL_IF_inst|altpll_component|auto_generated|pll1|clk[3]'
Slack : 10416.339
TNS   : 0.000

Type  : Slow 1200mV -40C Model Minimum Pulse Width 'CLRCIN'
Slack : 20829.070
TNS   : 0.000

Type  : Slow 1200mV -40C Model Minimum Pulse Width 'CLRCOUT'
Slack : 20829.070
TNS   : 0.000

Type  : Fast 1200mV -40C Model Setup 'PLL_IF_inst|altpll_component|auto_generated|pll1|clk[0]'
Slack : 2.904
TNS   : 0.000

Type  : Fast 1200mV -40C Model Setup 'LTC2208_122MHz'
Slack : 3.963
TNS   : 0.000

Type  : Fast 1200mV -40C Model Setup '_122MHz'
Slack : 4.388
TNS   : 0.000

Type  : Fast 1200mV -40C Model Setup 'network_inst|tx_pll_inst|altpll_component|auto_generated|pll1|clk[0]'
Slack : 5.471
TNS   : 0.000

Type  : Fast 1200mV -40C Model Setup 'PHY_RX_CLOCK'
Slack : 6.009
TNS   : 0.000

Type  : Fast 1200mV -40C Model Setup 'network_inst|tx_pll_inst|altpll_component|auto_generated|pll1|clk[2]'
Slack : 6.455
TNS   : 0.000

Type  : Fast 1200mV -40C Model Setup 'tx_clock'
Slack : 13.003
TNS   : 0.000

Type  : Fast 1200mV -40C Model Setup 'data_clk2'
Slack : 17.252
TNS   : 0.000

Type  : Fast 1200mV -40C Model Setup 'PLL_30MHz_inst|altpll_component|auto_generated|pll1|clk[0]'
Slack : 17.574
TNS   : 0.000

Type  : Fast 1200mV -40C Model Setup 'CLOCK_25MHZ'
Slack : 38.471
TNS   : 0.000

Type  : Fast 1200mV -40C Model Setup 'data_clk'
Slack : 58.545
TNS   : 0.000

Type  : Fast 1200mV -40C Model Setup 'PLL_IF_inst|altpll_component|auto_generated|pll1|clk[2]'
Slack : 77.532
TNS   : 0.000

Type  : Fast 1200mV -40C Model Setup 'PLL_IF_inst|altpll_component|auto_generated|pll1|clk[1]'
Slack : 79.128
TNS   : 0.000

Type  : Fast 1200mV -40C Model Setup 'PLL_IF_inst|altpll_component|auto_generated|pll1|clk[3]'
Slack : 79.404
TNS   : 0.000

Type  : Fast 1200mV -40C Model Setup 'network_inst|tx_pll_inst|altpll_component|auto_generated|pll1|clk[3]'
Slack : 151.376
TNS   : 0.000

Type  : Fast 1200mV -40C Model Hold 'PLL_IF_inst|altpll_component|auto_generated|pll1|clk[3]'
Slack : 0.120
TNS   : 0.000

Type  : Fast 1200mV -40C Model Hold 'network_inst|tx_pll_inst|altpll_component|auto_generated|pll1|clk[0]'
Slack : 0.129
TNS   : 0.000

Type  : Fast 1200mV -40C Model Hold 'tx_clock'
Slack : 0.129
TNS   : 0.000

Type  : Fast 1200mV -40C Model Hold 'PLL_IF_inst|altpll_component|auto_generated|pll1|clk[2]'
Slack : 0.131
TNS   : 0.000

Type  : Fast 1200mV -40C Model Hold 'network_inst|tx_pll_inst|altpll_component|auto_generated|pll1|clk[2]'
Slack : 0.144
TNS   : 0.000

Type  : Fast 1200mV -40C Model Hold 'PLL_30MHz_inst|altpll_component|auto_generated|pll1|clk[0]'
Slack : 0.173
TNS   : 0.000

Type  : Fast 1200mV -40C Model Hold 'PLL_IF_inst|altpll_component|auto_generated|pll1|clk[1]'
Slack : 0.173
TNS   : 0.000

Type  : Fast 1200mV -40C Model Hold 'network_inst|tx_pll_inst|altpll_component|auto_generated|pll1|clk[3]'
Slack : 0.175
TNS   : 0.000

Type  : Fast 1200mV -40C Model Hold 'CLOCK_25MHZ'
Slack : 0.177
TNS   : 0.000

Type  : Fast 1200mV -40C Model Hold 'LTC2208_122MHz'
Slack : 0.294
TNS   : 0.000

Type  : Fast 1200mV -40C Model Hold 'PHY_RX_CLOCK'
Slack : 0.594
TNS   : 0.000

Type  : Fast 1200mV -40C Model Hold 'PLL_IF_inst|altpll_component|auto_generated|pll1|clk[0]'
Slack : 1.319
TNS   : 0.000

Type  : Fast 1200mV -40C Model Hold '_122MHz'
Slack : 4.620
TNS   : 0.000

Type  : Fast 1200mV -40C Model Hold 'data_clk'
Slack : 12.121
TNS   : 0.000

Type  : Fast 1200mV -40C Model Hold 'data_clk2'
Slack : 12.708
TNS   : 0.000

Type  : Fast 1200mV -40C Model Recovery 'network_inst|tx_pll_inst|altpll_component|auto_generated|pll1|clk[0]'
Slack : 4.579
TNS   : 0.000

Type  : Fast 1200mV -40C Model Recovery 'PHY_RX_CLOCK'
Slack : 7.218
TNS   : 0.000

Type  : Fast 1200mV -40C Model Recovery 'LTC2208_122MHz'
Slack : 13.482
TNS   : 0.000

Type  : Fast 1200mV -40C Model Recovery 'network_inst|tx_pll_inst|altpll_component|auto_generated|pll1|clk[2]'
Slack : 37.020
TNS   : 0.000

Type  : Fast 1200mV -40C Model Removal 'network_inst|tx_pll_inst|altpll_component|auto_generated|pll1|clk[0]'
Slack : 0.761
TNS   : 0.000

Type  : Fast 1200mV -40C Model Removal 'LTC2208_122MHz'
Slack : 1.669
TNS   : 0.000

Type  : Fast 1200mV -40C Model Removal 'PHY_RX_CLOCK'
Slack : 1.787
TNS   : 0.000

Type  : Fast 1200mV -40C Model Removal 'network_inst|tx_pll_inst|altpll_component|auto_generated|pll1|clk[2]'
Slack : 41.656
TNS   : 0.000

Type  : Fast 1200mV -40C Model Minimum Pulse Width 'PHY_RX_CLOCK'
Slack : 3.191
TNS   : 0.000

Type  : Fast 1200mV -40C Model Minimum Pulse Width 'LTC2208_122MHz'
Slack : 3.255
TNS   : 0.000

Type  : Fast 1200mV -40C Model Minimum Pulse Width 'PHY_CLK125'
Slack : 3.422
TNS   : 0.000

Type  : Fast 1200mV -40C Model Minimum Pulse Width '_122MHz'
Slack : 3.487
TNS   : 0.000

Type  : Fast 1200mV -40C Model Minimum Pulse Width 'network_inst|tx_pll_inst|altpll_component|auto_generated|pll1|clk[0]'
Slack : 3.744
TNS   : 0.000

Type  : Fast 1200mV -40C Model Minimum Pulse Width 'tx_clock'
Slack : 3.744
TNS   : 0.000

Type  : Fast 1200mV -40C Model Minimum Pulse Width 'PLL_IF_inst|altpll_component|auto_generated|pll1|clk[0]'
Slack : 3.847
TNS   : 0.000

Type  : Fast 1200mV -40C Model Minimum Pulse Width 'LTC2208_122MHz_2'
Slack : 4.138
TNS   : 0.000

Type  : Fast 1200mV -40C Model Minimum Pulse Width 'PLL_30MHz_inst|altpll_component|auto_generated|pll1|clk[0]'
Slack : 16.053
TNS   : 0.000

Type  : Fast 1200mV -40C Model Minimum Pulse Width 'CLOCK_25MHZ'
Slack : 19.265
TNS   : 0.000

Type  : Fast 1200mV -40C Model Minimum Pulse Width 'network_inst|tx_pll_inst|altpll_component|auto_generated|pll1|clk[2]'
Slack : 39.747
TNS   : 0.000

Type  : Fast 1200mV -40C Model Minimum Pulse Width 'PLL_IF_inst|altpll_component|auto_generated|pll1|clk[1]'
Slack : 40.436
TNS   : 0.000

Type  : Fast 1200mV -40C Model Minimum Pulse Width 'CMCLK'
Slack : 77.380
TNS   : 0.000

Type  : Fast 1200mV -40C Model Minimum Pulse Width 'OSC_10MHZ'
Slack : 96.000
TNS   : 0.000

Type  : Fast 1200mV -40C Model Minimum Pulse Width 'PLL_IF_inst|altpll_component|auto_generated|pll1|clk[2]'
Slack : 162.506
TNS   : 0.000

Type  : Fast 1200mV -40C Model Minimum Pulse Width 'network_inst|tx_pll_inst|altpll_component|auto_generated|pll1|clk[3]'
Slack : 199.778
TNS   : 0.000

Type  : Fast 1200mV -40C Model Minimum Pulse Width 'CBCLK'
Slack : 321.520
TNS   : 0.000

Type  : Fast 1200mV -40C Model Minimum Pulse Width 'PLL_IF_inst|altpll_component|auto_generated|pll1|clk[3]'
Slack : 10416.389
TNS   : 0.000

Type  : Fast 1200mV -40C Model Minimum Pulse Width 'CLRCIN'
Slack : 20829.280
TNS   : 0.000

Type  : Fast 1200mV -40C Model Minimum Pulse Width 'CLRCOUT'
Slack : 20829.280
TNS   : 0.000

------------------------------------------------------------
