------------------------------------------------------------
Timing Analyzer Summary
------------------------------------------------------------

Type  : Slow 1200mV 100C Model Setup 'PLL_IF_inst|altpll_component|auto_generated|pll1|clk[0]'
Slack : -0.088
TNS   : -0.122

Type  : Slow 1200mV 100C Model Setup '_122MHz'
Slack : 1.268
TNS   : 0.000

Type  : Slow 1200mV 100C Model Setup 'LTC2208_122MHz'
Slack : 1.366
TNS   : 0.000

Type  : Slow 1200mV 100C Model Setup 'PHY_RX_CLOCK'
Slack : 1.905
TNS   : 0.000

Type  : Slow 1200mV 100C Model Setup 'network_inst|tx_pll_inst|altpll_component|auto_generated|pll1|clk[0]'
Slack : 2.359
TNS   : 0.000

Type  : Slow 1200mV 100C Model Setup 'tx_clock'
Slack : 3.818
TNS   : 0.000

Type  : Slow 1200mV 100C Model Setup 'network_inst|tx_pll_inst|altpll_component|auto_generated|pll1|clk[2]'
Slack : 4.125
TNS   : 0.000

Type  : Slow 1200mV 100C Model Setup 'PLL_30MHz_inst|altpll_component|auto_generated|pll1|clk[0]'
Slack : 14.463
TNS   : 0.000

Type  : Slow 1200mV 100C Model Setup 'data_clk2'
Slack : 15.522
TNS   : 0.000

Type  : Slow 1200mV 100C Model Setup 'CLOCK_25MHZ'
Slack : 36.657
TNS   : 0.000

Type  : Slow 1200mV 100C Model Setup 'data_clk'
Slack : 54.905
TNS   : 0.000

Type  : Slow 1200mV 100C Model Setup 'PLL_IF_inst|altpll_component|auto_generated|pll1|clk[2]'
Slack : 73.179
TNS   : 0.000

Type  : Slow 1200mV 100C Model Setup 'PLL_IF_inst|altpll_component|auto_generated|pll1|clk[3]'
Slack : 74.724
TNS   : 0.000

Type  : Slow 1200mV 100C Model Setup 'PLL_IF_inst|altpll_component|auto_generated|pll1|clk[1]'
Slack : 76.011
TNS   : 0.000

Type  : Slow 1200mV 100C Model Setup 'network_inst|tx_pll_inst|altpll_component|auto_generated|pll1|clk[3]'
Slack : 143.818
TNS   : 0.000

Type  : Slow 1200mV 100C Model Hold 'network_inst|tx_pll_inst|altpll_component|auto_generated|pll1|clk[0]'
Slack : 0.272
TNS   : 0.000

Type  : Slow 1200mV 100C Model Hold 'tx_clock'
Slack : 0.272
TNS   : 0.000

Type  : Slow 1200mV 100C Model Hold 'PLL_IF_inst|altpll_component|auto_generated|pll1|clk[2]'
Slack : 0.335
TNS   : 0.000

Type  : Slow 1200mV 100C Model Hold 'network_inst|tx_pll_inst|altpll_component|auto_generated|pll1|clk[2]'
Slack : 0.343
TNS   : 0.000

Type  : Slow 1200mV 100C Model Hold 'LTC2208_122MHz'
Slack : 0.376
TNS   : 0.000

Type  : Slow 1200mV 100C Model Hold 'PLL_IF_inst|altpll_component|auto_generated|pll1|clk[3]'
Slack : 0.387
TNS   : 0.000

Type  : Slow 1200mV 100C Model Hold 'PLL_IF_inst|altpll_component|auto_generated|pll1|clk[1]'
Slack : 0.407
TNS   : 0.000

Type  : Slow 1200mV 100C Model Hold 'network_inst|tx_pll_inst|altpll_component|auto_generated|pll1|clk[3]'
Slack : 0.407
TNS   : 0.000

Type  : Slow 1200mV 100C Model Hold 'PLL_30MHz_inst|altpll_component|auto_generated|pll1|clk[0]'
Slack : 0.408
TNS   : 0.000

Type  : Slow 1200mV 100C Model Hold 'CLOCK_25MHZ'
Slack : 0.412
TNS   : 0.000

Type  : Slow 1200mV 100C Model Hold 'PLL_IF_inst|altpll_component|auto_generated|pll1|clk[0]'
Slack : 0.777
TNS   : 0.000

Type  : Slow 1200mV 100C Model Hold 'PHY_RX_CLOCK'
Slack : 1.248
TNS   : 0.000

Type  : Slow 1200mV 100C Model Hold '_122MHz'
Slack : 6.092
TNS   : 0.000

Type  : Slow 1200mV 100C Model Hold 'data_clk'
Slack : 13.357
TNS   : 0.000

Type  : Slow 1200mV 100C Model Hold 'data_clk2'
Slack : 15.445
TNS   : 0.000

Type  : Slow 1200mV 100C Model Recovery 'network_inst|tx_pll_inst|altpll_component|auto_generated|pll1|clk[0]'
Slack : 1.222
TNS   : 0.000

Type  : Slow 1200mV 100C Model Recovery 'PHY_RX_CLOCK'
Slack : 4.492
TNS   : 0.000

Type  : Slow 1200mV 100C Model Recovery 'LTC2208_122MHz'
Slack : 9.312
TNS   : 0.000

Type  : Slow 1200mV 100C Model Recovery 'network_inst|tx_pll_inst|altpll_component|auto_generated|pll1|clk[2]'
Slack : 35.327
TNS   : 0.000

Type  : Slow 1200mV 100C Model Removal 'PHY_RX_CLOCK'
Slack : 2.799
TNS   : 0.000

Type  : Slow 1200mV 100C Model Removal 'network_inst|tx_pll_inst|altpll_component|auto_generated|pll1|clk[0]'
Slack : 3.103
TNS   : 0.000

Type  : Slow 1200mV 100C Model Removal 'LTC2208_122MHz'
Slack : 3.373
TNS   : 0.000

Type  : Slow 1200mV 100C Model Removal 'network_inst|tx_pll_inst|altpll_component|auto_generated|pll1|clk[2]'
Slack : 42.344
TNS   : 0.000

Type  : Slow 1200mV 100C Model Minimum Pulse Width 'PHY_RX_CLOCK'
Slack : 3.472
TNS   : 0.000

Type  : Slow 1200mV 100C Model Minimum Pulse Width 'LTC2208_122MHz'
Slack : 3.488
TNS   : 0.000

Type  : Slow 1200mV 100C Model Minimum Pulse Width 'network_inst|tx_pll_inst|altpll_component|auto_generated|pll1|clk[0]'
Slack : 3.693
TNS   : 0.000

Type  : Slow 1200mV 100C Model Minimum Pulse Width 'tx_clock'
Slack : 3.693
TNS   : 0.000

Type  : Slow 1200mV 100C Model Minimum Pulse Width 'PLL_IF_inst|altpll_component|auto_generated|pll1|clk[0]'
Slack : 3.772
TNS   : 0.000

Type  : Slow 1200mV 100C Model Minimum Pulse Width 'PHY_CLK125'
Slack : 3.813
TNS   : 0.000

Type  : Slow 1200mV 100C Model Minimum Pulse Width '_122MHz'
Slack : 3.874
TNS   : 0.000

Type  : Slow 1200mV 100C Model Minimum Pulse Width 'LTC2208_122MHz_2'
Slack : 4.138
TNS   : 0.000

Type  : Slow 1200mV 100C Model Minimum Pulse Width 'PLL_30MHz_inst|altpll_component|auto_generated|pll1|clk[0]'
Slack : 15.971
TNS   : 0.000

Type  : Slow 1200mV 100C Model Minimum Pulse Width 'CLOCK_25MHZ'
Slack : 19.692
TNS   : 0.000

Type  : Slow 1200mV 100C Model Minimum Pulse Width 'network_inst|tx_pll_inst|altpll_component|auto_generated|pll1|clk[2]'
Slack : 39.704
TNS   : 0.000

Type  : Slow 1200mV 100C Model Minimum Pulse Width 'PLL_IF_inst|altpll_component|auto_generated|pll1|clk[1]'
Slack : 40.394
TNS   : 0.000

Type  : Slow 1200mV 100C Model Minimum Pulse Width 'CMCLK'
Slack : 77.170
TNS   : 0.000

Type  : Slow 1200mV 100C Model Minimum Pulse Width 'OSC_10MHZ'
Slack : 96.000
TNS   : 0.000

Type  : Slow 1200mV 100C Model Minimum Pulse Width 'PLL_IF_inst|altpll_component|auto_generated|pll1|clk[2]'
Slack : 162.372
TNS   : 0.000

Type  : Slow 1200mV 100C Model Minimum Pulse Width 'network_inst|tx_pll_inst|altpll_component|auto_generated|pll1|clk[3]'
Slack : 199.705
TNS   : 0.000

Type  : Slow 1200mV 100C Model Minimum Pulse Width 'CBCLK'
Slack : 321.310
TNS   : 0.000

Type  : Slow 1200mV 100C Model Minimum Pulse Width 'PLL_IF_inst|altpll_component|auto_generated|pll1|clk[3]'
Slack : 10416.339
TNS   : 0.000

Type  : Slow 1200mV 100C Model Minimum Pulse Width 'CLRCIN'
Slack : 20829.070
TNS   : 0.000

Type  : Slow 1200mV 100C Model Minimum Pulse Width 'CLRCOUT'
Slack : 20829.070
TNS   : 0.000

Type  : Slow 1200mV -40C Model Setup 'PLL_IF_inst|altpll_component|auto_generated|pll1|clk[0]'
Slack : 0.946
TNS   : 0.000

Type  : Slow 1200mV -40C Model Setup 'LTC2208_122MHz'
Slack : 1.865
TNS   : 0.000

Type  : Slow 1200mV -40C Model Setup '_122MHz'
Slack : 1.916
TNS   : 0.000

Type  : Slow 1200mV -40C Model Setup 'PHY_RX_CLOCK'
Slack : 2.779
TNS   : 0.000

Type  : Slow 1200mV -40C Model Setup 'network_inst|tx_pll_inst|altpll_component|auto_generated|pll1|clk[0]'
Slack : 3.046
TNS   : 0.000

Type  : Slow 1200mV -40C Model Setup 'network_inst|tx_pll_inst|altpll_component|auto_generated|pll1|clk[2]'
Slack : 4.601
TNS   : 0.000

Type  : Slow 1200mV -40C Model Setup 'tx_clock'
Slack : 6.197
TNS   : 0.000

Type  : Slow 1200mV -40C Model Setup 'PLL_30MHz_inst|altpll_component|auto_generated|pll1|clk[0]'
Slack : 15.978
TNS   : 0.000

Type  : Slow 1200mV -40C Model Setup 'data_clk2'
Slack : 16.315
TNS   : 0.000

Type  : Slow 1200mV -40C Model Setup 'CLOCK_25MHZ'
Slack : 37.166
TNS   : 0.000

Type  : Slow 1200mV -40C Model Setup 'data_clk'
Slack : 55.514
TNS   : 0.000

Type  : Slow 1200mV -40C Model Setup 'PLL_IF_inst|altpll_component|auto_generated|pll1|clk[2]'
Slack : 74.039
TNS   : 0.000

Type  : Slow 1200mV -40C Model Setup 'PLL_IF_inst|altpll_component|auto_generated|pll1|clk[3]'
Slack : 75.458
TNS   : 0.000

Type  : Slow 1200mV -40C Model Setup 'PLL_IF_inst|altpll_component|auto_generated|pll1|clk[1]'
Slack : 76.676
TNS   : 0.000

Type  : Slow 1200mV -40C Model Setup 'network_inst|tx_pll_inst|altpll_component|auto_generated|pll1|clk[3]'
Slack : 145.969
TNS   : 0.000

Type  : Slow 1200mV -40C Model Hold 'network_inst|tx_pll_inst|altpll_component|auto_generated|pll1|clk[0]'
Slack : 0.274
TNS   : 0.000

Type  : Slow 1200mV -40C Model Hold 'tx_clock'
Slack : 0.274
TNS   : 0.000

Type  : Slow 1200mV -40C Model Hold 'PLL_IF_inst|altpll_component|auto_generated|pll1|clk[2]'
Slack : 0.319
TNS   : 0.000

Type  : Slow 1200mV -40C Model Hold 'PLL_IF_inst|altpll_component|auto_generated|pll1|clk[3]'
Slack : 0.335
TNS   : 0.000

Type  : Slow 1200mV -40C Model Hold 'network_inst|tx_pll_inst|altpll_component|auto_generated|pll1|clk[2]'
Slack : 0.335
TNS   : 0.000

Type  : Slow 1200mV -40C Model Hold 'PLL_30MHz_inst|altpll_component|auto_generated|pll1|clk[0]'
Slack : 0.336
TNS   : 0.000

Type  : Slow 1200mV -40C Model Hold 'PLL_IF_inst|altpll_component|auto_generated|pll1|clk[1]'
Slack : 0.336
TNS   : 0.000

Type  : Slow 1200mV -40C Model Hold 'network_inst|tx_pll_inst|altpll_component|auto_generated|pll1|clk[3]'
Slack : 0.337
TNS   : 0.000

Type  : Slow 1200mV -40C Model Hold 'CLOCK_25MHZ'
Slack : 0.351
TNS   : 0.000

Type  : Slow 1200mV -40C Model Hold 'PLL_IF_inst|altpll_component|auto_generated|pll1|clk[0]'
Slack : 0.703
TNS   : 0.000

Type  : Slow 1200mV -40C Model Hold 'LTC2208_122MHz'
Slack : 0.800
TNS   : 0.000

Type  : Slow 1200mV -40C Model Hold 'PHY_RX_CLOCK'
Slack : 1.228
TNS   : 0.000

Type  : Slow 1200mV -40C Model Hold '_122MHz'
Slack : 5.640
TNS   : 0.000

Type  : Slow 1200mV -40C Model Hold 'data_clk'
Slack : 12.903
TNS   : 0.000

Type  : Slow 1200mV -40C Model Hold 'data_clk2'
Slack : 14.717
TNS   : 0.000

Type  : Slow 1200mV -40C Model Recovery 'network_inst|tx_pll_inst|altpll_component|auto_generated|pll1|clk[0]'
Slack : 2.147
TNS   : 0.000

Type  : Slow 1200mV -40C Model Recovery 'PHY_RX_CLOCK'
Slack : 5.232
TNS   : 0.000

Type  : Slow 1200mV -40C Model Recovery 'LTC2208_122MHz'
Slack : 10.242
TNS   : 0.000

Type  : Slow 1200mV -40C Model Recovery 'network_inst|tx_pll_inst|altpll_component|auto_generated|pll1|clk[2]'
Slack : 35.779
TNS   : 0.000

Type  : Slow 1200mV -40C Model Removal 'PHY_RX_CLOCK'
Slack : 2.581
TNS   : 0.000

Type  : Slow 1200mV -40C Model Removal 'network_inst|tx_pll_inst|altpll_component|auto_generated|pll1|clk[0]'
Slack : 2.629
TNS   : 0.000

Type  : Slow 1200mV -40C Model Removal 'LTC2208_122MHz'
Slack : 3.061
TNS   : 0.000

Type  : Slow 1200mV -40C Model Removal 'network_inst|tx_pll_inst|altpll_component|auto_generated|pll1|clk[2]'
Slack : 41.965
TNS   : 0.000

Type  : Slow 1200mV -40C Model Minimum Pulse Width 'PHY_RX_CLOCK'
Slack : 3.490
TNS   : 0.000

Type  : Slow 1200mV -40C Model Minimum Pulse Width 'LTC2208_122MHz'
Slack : 3.510
TNS   : 0.000

Type  : Slow 1200mV -40C Model Minimum Pulse Width 'network_inst|tx_pll_inst|altpll_component|auto_generated|pll1|clk[0]'
Slack : 3.673
TNS   : 0.000

Type  : Slow 1200mV -40C Model Minimum Pulse Width 'tx_clock'
Slack : 3.673
TNS   : 0.000

Type  : Slow 1200mV -40C Model Minimum Pulse Width 'PLL_IF_inst|altpll_component|auto_generated|pll1|clk[0]'
Slack : 3.772
TNS   : 0.000

Type  : Slow 1200mV -40C Model Minimum Pulse Width 'PHY_CLK125'
Slack : 3.806
TNS   : 0.000

Type  : Slow 1200mV -40C Model Minimum Pulse Width '_122MHz'
Slack : 3.878
TNS   : 0.000

Type  : Slow 1200mV -40C Model Minimum Pulse Width 'LTC2208_122MHz_2'
Slack : 4.138
TNS   : 0.000

Type  : Slow 1200mV -40C Model Minimum Pulse Width 'PLL_30MHz_inst|altpll_component|auto_generated|pll1|clk[0]'
Slack : 15.977
TNS   : 0.000

Type  : Slow 1200mV -40C Model Minimum Pulse Width 'CLOCK_25MHZ'
Slack : 19.701
TNS   : 0.000

Type  : Slow 1200mV -40C Model Minimum Pulse Width 'network_inst|tx_pll_inst|altpll_component|auto_generated|pll1|clk[2]'
Slack : 39.680
TNS   : 0.000

Type  : Slow 1200mV -40C Model Minimum Pulse Width 'PLL_IF_inst|altpll_component|auto_generated|pll1|clk[1]'
Slack : 40.392
TNS   : 0.000

Type  : Slow 1200mV -40C Model Minimum Pulse Width 'CMCLK'
Slack : 77.170
TNS   : 0.000

Type  : Slow 1200mV -40C Model Minimum Pulse Width 'OSC_10MHZ'
Slack : 96.000
TNS   : 0.000

Type  : Slow 1200mV -40C Model Minimum Pulse Width 'PLL_IF_inst|altpll_component|auto_generated|pll1|clk[2]'
Slack : 162.411
TNS   : 0.000

Type  : Slow 1200mV -40C Model Minimum Pulse Width 'network_inst|tx_pll_inst|altpll_component|auto_generated|pll1|clk[3]'
Slack : 199.704
TNS   : 0.000

Type  : Slow 1200mV -40C Model Minimum Pulse Width 'CBCLK'
Slack : 321.310
TNS   : 0.000

Type  : Slow 1200mV -40C Model Minimum Pulse Width 'PLL_IF_inst|altpll_component|auto_generated|pll1|clk[3]'
Slack : 10416.342
TNS   : 0.000

Type  : Slow 1200mV -40C Model Minimum Pulse Width 'CLRCIN'
Slack : 20829.070
TNS   : 0.000

Type  : Slow 1200mV -40C Model Minimum Pulse Width 'CLRCOUT'
Slack : 20829.070
TNS   : 0.000

Type  : Fast 1200mV -40C Model Setup 'PLL_IF_inst|altpll_component|auto_generated|pll1|clk[0]'
Slack : 2.957
TNS   : 0.000

Type  : Fast 1200mV -40C Model Setup 'LTC2208_122MHz'
Slack : 3.835
TNS   : 0.000

Type  : Fast 1200mV -40C Model Setup '_122MHz'
Slack : 4.111
TNS   : 0.000

Type  : Fast 1200mV -40C Model Setup 'network_inst|tx_pll_inst|altpll_component|auto_generated|pll1|clk[0]'
Slack : 5.092
TNS   : 0.000

Type  : Fast 1200mV -40C Model Setup 'PHY_RX_CLOCK'
Slack : 6.055
TNS   : 0.000

Type  : Fast 1200mV -40C Model Setup 'network_inst|tx_pll_inst|altpll_component|auto_generated|pll1|clk[2]'
Slack : 6.260
TNS   : 0.000

Type  : Fast 1200mV -40C Model Setup 'tx_clock'
Slack : 13.161
TNS   : 0.000

Type  : Fast 1200mV -40C Model Setup 'PLL_30MHz_inst|altpll_component|auto_generated|pll1|clk[0]'
Slack : 18.039
TNS   : 0.000

Type  : Fast 1200mV -40C Model Setup 'data_clk2'
Slack : 18.995
TNS   : 0.000

Type  : Fast 1200mV -40C Model Setup 'CLOCK_25MHZ'
Slack : 38.469
TNS   : 0.000

Type  : Fast 1200mV -40C Model Setup 'data_clk'
Slack : 58.037
TNS   : 0.000

Type  : Fast 1200mV -40C Model Setup 'PLL_IF_inst|altpll_component|auto_generated|pll1|clk[2]'
Slack : 77.323
TNS   : 0.000

Type  : Fast 1200mV -40C Model Setup 'PLL_IF_inst|altpll_component|auto_generated|pll1|clk[3]'
Slack : 78.016
TNS   : 0.000

Type  : Fast 1200mV -40C Model Setup 'PLL_IF_inst|altpll_component|auto_generated|pll1|clk[1]'
Slack : 78.920
TNS   : 0.000

Type  : Fast 1200mV -40C Model Setup 'network_inst|tx_pll_inst|altpll_component|auto_generated|pll1|clk[3]'
Slack : 151.711
TNS   : 0.000

Type  : Fast 1200mV -40C Model Hold 'network_inst|tx_pll_inst|altpll_component|auto_generated|pll1|clk[0]'
Slack : 0.088
TNS   : 0.000

Type  : Fast 1200mV -40C Model Hold 'tx_clock'
Slack : 0.088
TNS   : 0.000

Type  : Fast 1200mV -40C Model Hold 'PLL_IF_inst|altpll_component|auto_generated|pll1|clk[2]'
Slack : 0.125
TNS   : 0.000

Type  : Fast 1200mV -40C Model Hold 'network_inst|tx_pll_inst|altpll_component|auto_generated|pll1|clk[2]'
Slack : 0.129
TNS   : 0.000

Type  : Fast 1200mV -40C Model Hold 'PLL_IF_inst|altpll_component|auto_generated|pll1|clk[3]'
Slack : 0.149
TNS   : 0.000

Type  : Fast 1200mV -40C Model Hold 'PLL_30MHz_inst|altpll_component|auto_generated|pll1|clk[0]'
Slack : 0.174
TNS   : 0.000

Type  : Fast 1200mV -40C Model Hold 'PLL_IF_inst|altpll_component|auto_generated|pll1|clk[1]'
Slack : 0.174
TNS   : 0.000

Type  : Fast 1200mV -40C Model Hold 'network_inst|tx_pll_inst|altpll_component|auto_generated|pll1|clk[3]'
Slack : 0.174
TNS   : 0.000

Type  : Fast 1200mV -40C Model Hold 'CLOCK_25MHZ'
Slack : 0.179
TNS   : 0.000

Type  : Fast 1200mV -40C Model Hold 'PLL_IF_inst|altpll_component|auto_generated|pll1|clk[0]'
Slack : 0.322
TNS   : 0.000

Type  : Fast 1200mV -40C Model Hold 'LTC2208_122MHz'
Slack : 0.479
TNS   : 0.000

Type  : Fast 1200mV -40C Model Hold 'PHY_RX_CLOCK'
Slack : 0.592
TNS   : 0.000

Type  : Fast 1200mV -40C Model Hold '_122MHz'
Slack : 4.395
TNS   : 0.000

Type  : Fast 1200mV -40C Model Hold 'data_clk'
Slack : 11.673
TNS   : 0.000

Type  : Fast 1200mV -40C Model Hold 'data_clk2'
Slack : 12.624
TNS   : 0.000

Type  : Fast 1200mV -40C Model Recovery 'network_inst|tx_pll_inst|altpll_component|auto_generated|pll1|clk[0]'
Slack : 4.580
TNS   : 0.000

Type  : Fast 1200mV -40C Model Recovery 'PHY_RX_CLOCK'
Slack : 7.195
TNS   : 0.000

Type  : Fast 1200mV -40C Model Recovery 'LTC2208_122MHz'
Slack : 13.545
TNS   : 0.000

Type  : Fast 1200mV -40C Model Recovery 'network_inst|tx_pll_inst|altpll_component|auto_generated|pll1|clk[2]'
Slack : 37.569
TNS   : 0.000

Type  : Fast 1200mV -40C Model Removal 'network_inst|tx_pll_inst|altpll_component|auto_generated|pll1|clk[0]'
Slack : 1.453
TNS   : 0.000

Type  : Fast 1200mV -40C Model Removal 'PHY_RX_CLOCK'
Slack : 1.812
TNS   : 0.000

Type  : Fast 1200mV -40C Model Removal 'LTC2208_122MHz'
Slack : 2.037
TNS   : 0.000

Type  : Fast 1200mV -40C Model Removal 'network_inst|tx_pll_inst|altpll_component|auto_generated|pll1|clk[2]'
Slack : 41.041
TNS   : 0.000

Type  : Fast 1200mV -40C Model Minimum Pulse Width 'PHY_RX_CLOCK'
Slack : 3.193
TNS   : 0.000

Type  : Fast 1200mV -40C Model Minimum Pulse Width 'LTC2208_122MHz'
Slack : 3.255
TNS   : 0.000

Type  : Fast 1200mV -40C Model Minimum Pulse Width 'PHY_CLK125'
Slack : 3.422
TNS   : 0.000

Type  : Fast 1200mV -40C Model Minimum Pulse Width '_122MHz'
Slack : 3.487
TNS   : 0.000

Type  : Fast 1200mV -40C Model Minimum Pulse Width 'network_inst|tx_pll_inst|altpll_component|auto_generated|pll1|clk[0]'
Slack : 3.745
TNS   : 0.000

Type  : Fast 1200mV -40C Model Minimum Pulse Width 'tx_clock'
Slack : 3.745
TNS   : 0.000

Type  : Fast 1200mV -40C Model Minimum Pulse Width 'PLL_IF_inst|altpll_component|auto_generated|pll1|clk[0]'
Slack : 3.846
TNS   : 0.000

Type  : Fast 1200mV -40C Model Minimum Pulse Width 'LTC2208_122MHz_2'
Slack : 4.138
TNS   : 0.000

Type  : Fast 1200mV -40C Model Minimum Pulse Width 'PLL_30MHz_inst|altpll_component|auto_generated|pll1|clk[0]'
Slack : 16.052
TNS   : 0.000

Type  : Fast 1200mV -40C Model Minimum Pulse Width 'CLOCK_25MHZ'
Slack : 19.264
TNS   : 0.000

Type  : Fast 1200mV -40C Model Minimum Pulse Width 'network_inst|tx_pll_inst|altpll_component|auto_generated|pll1|clk[2]'
Slack : 39.744
TNS   : 0.000

Type  : Fast 1200mV -40C Model Minimum Pulse Width 'PLL_IF_inst|altpll_component|auto_generated|pll1|clk[1]'
Slack : 40.435
TNS   : 0.000

Type  : Fast 1200mV -40C Model Minimum Pulse Width 'CMCLK'
Slack : 77.380
TNS   : 0.000

Type  : Fast 1200mV -40C Model Minimum Pulse Width 'OSC_10MHZ'
Slack : 96.000
TNS   : 0.000

Type  : Fast 1200mV -40C Model Minimum Pulse Width 'PLL_IF_inst|altpll_component|auto_generated|pll1|clk[2]'
Slack : 162.506
TNS   : 0.000

Type  : Fast 1200mV -40C Model Minimum Pulse Width 'network_inst|tx_pll_inst|altpll_component|auto_generated|pll1|clk[3]'
Slack : 199.779
TNS   : 0.000

Type  : Fast 1200mV -40C Model Minimum Pulse Width 'CBCLK'
Slack : 321.520
TNS   : 0.000

Type  : Fast 1200mV -40C Model Minimum Pulse Width 'PLL_IF_inst|altpll_component|auto_generated|pll1|clk[3]'
Slack : 10416.390
TNS   : 0.000

Type  : Fast 1200mV -40C Model Minimum Pulse Width 'CLRCIN'
Slack : 20829.280
TNS   : 0.000

Type  : Fast 1200mV -40C Model Minimum Pulse Width 'CLRCOUT'
Slack : 20829.280
TNS   : 0.000

------------------------------------------------------------
